1790369769 220000000 0 chat-idle
1790369770 17000000 0 chat-idle
1790369771 18000000 0 chat-idle
1790369772 147000000 100 chat-idle
1790369773 299000000 100 chat-idle
1790369774 300000000 100 chat-idle
1790369775 300000000 100 chat-idle
1790369776 299000000 100 chat-idle
1790369778 290000000 100 chat-idle
1790369779 294000000 100 chat-idle
1790369780 300000000 100 chat-idle
1790369781 300000000 100 chat-idle
1790369782 300000000 100 chat-idle
1790369783 299000000 100 chat-idle
1790369784 300000000 100 chat-idle
1790369785 299000000 100 chat-idle
1790369786 299000000 100 chat-idle
1790369787 300000000 100 chat-idle
1790369788 300000000 100 chat-idle
1790369789 300000000 100 chat-idle
1790369790 300000000 100 chat-idle
1790369791 300000000 100 chat-idle
1790369792 300000000 78 chat-idle
1790369793 300000000 100 chat-idle
1790369794 300000000 100 chat-idle
1790369795 300000000 100 chat-idle
1790369796 300000000 100 chat-idle
1790369797 300000000 100 chat-idle
1790369798 299000000 100 chat-idle
1790369799 300000000 100 chat-idle
1790369800 300000000 100 chat-idle
1790369801 300000000 100 chat-idle
1790369802 300000000 100 chat-idle
1790369803 300000000 100 chat-idle
1790369804 300000000 100 chat-idle
1790369805 300000000 100 chat-idle
1790369806 300000000 100 chat-idle
1790369807 300000000 100 chat-idle
1790369808 300000000 100 chat-idle
1790369809 300000000 100 chat-idle
1790369810 300000000 100 chat-idle
1790369811 300000000 100 chat-idle
1790369812 300000000 100 chat-idle
1790369813 300000000 100 chat-idle
1790369814 300000000 100 chat-idle
1790369815 300000000 100 chat-idle
1790369816 300000000 100 chat-idle
1790369817 299000000 100 chat-idle
1790369818 300000000 100 chat-idle
1790369819 300000000 100 chat-idle
1790369820 300000000 100 chat-idle
1790369821 300000000 100 chat-idle
1790369822 299000000 100 chat-idle
1790369823 300000000 100 chat-idle
1790369824 300000000 100 chat-idle
1790369825 300000000 100 chat-idle
1790369826 300000000 100 chat-idle
1790369827 299000000 100 chat-idle
1790369828 300000000 100 chat-idle
1790369829 299000000 100 chat-idle
1790369830 299000000 100 chat-idle
1790369831 299000000 100 chat-idle
1790369832 300000000 100 chat-idle
1790369833 300000000 100 chat-idle
1790369834 299000000 100 chat-idle
1790369835 300000000 100 chat-idle
1790369836 300000000 100 chat-idle
1790369837 300000000 100 chat-idle
1790369838 300000000 100 chat-idle
1790369839 300000000 100 chat-idle
1790369841 300000000 100 chat-idle
1790369842 300000000 100 chat-idle
1790369843 300000000 100 chat-idle
1790369844 300000000 100 chat-idle
1790369845 300000000 100 chat-idle
1790369846 299000000 100 chat-idle
1790369847 300000000 100 chat-idle
